jab|75269|hello_world|COMPLETED|general|1|1|00:00:00|00:00.007|00:00.002|00:00.004|100Mn||2014-06-24T20:22:35|2014-06-24T20:22:35|hero4503
|75269.batch|batch|COMPLETED||1|1|00:00:00|00:00.007|00:00.002|00:00.004|100Mn|1504K|2014-06-24T20:22:35|2014-06-24T20:22:35|hero4503
