JobId=77454 Name=cpu_user_parallel UserId=jab(34928) GroupId=rc_admin(40273) Priority=27225483 Nice=0 Account=rc_admin QOS=normal JobState=RUNNING Reason=None Dependency=(null) Requeue=1 Restarts=0 BatchFlag=1 ExitCode=0:0 RunTime=00:00:23 TimeLimit=00:05:00 TimeMin=N/A SubmitTime=2014-06-26T11:51:28 EligibleTime=2014-06-26T11:51:28 StartTime=2014-06-26T11:51:28 EndTime=2014-06-26T11:56:28 PreemptTime=None SuspendTime=None SecsPreSuspend=0 Partition=general AllocNode:Sid=hero4516:3504 ReqNodeList=(null) ExcNodeList=(null) NodeList=hero[4515-4516] BatchHost=hero4515 NumNodes=2 NumCPUs=3 CPUs/Task=1 ReqB:S:C:T=0:0:*:* Socks/Node=* NtasksPerN:B:S:C=0:0:*:* CoreSpec=0 MinCPUsNode=1 MinMemoryNode=5150M MinTmpDiskNode=0 Features=(null) Gres=(null) Reservation=(null) Shared=OK Contiguous=0 Licenses=(null) Network=(null) Command=(null) WorkDir=/n/home_rc/jab/harvard/sw/slurm_utils/example_jobs StdErr=/n/home_rc/jab/harvard/sw/slurm_utils/example_jobs/cpu_user_parallel.err StdIn=/dev/null StdOut=/n/home_rc/jab/harvard/sw/slurm_utils/example_jobs/cpu_user_parallel.out
