jab|77454|cpu_user_parallel|COMPLETED|general|3|2|00:03:09|03:00.532|03:00.304|00:00.227|5150Mn||2014-06-26T11:51:28|2014-06-26T11:51:28|2014-06-26T11:52:31|hero[4515-4516]
|77454.batch|batch|COMPLETED||1|1|00:01:03|02:00.355|02:00.213|00:00.141|5150Mn|26820K|2014-06-26T11:51:28|2014-06-26T11:51:28|2014-06-26T11:52:31|hero4515
|77454.0|orted|COMPLETED||1|1|00:01:01|01:00.176|01:00.090|00:00.085|5150Mn|11300K|2014-06-26T11:51:30|2014-06-26T11:51:30|2014-06-26T11:52:31|hero4516
