jab|77369|sleep_60s|COMPLETED|general|1|1|00:01:02|00:00.005|00:00:00|00:00.005|100Mn||2014-06-26T10:18:23|2014-06-26T10:18:24|2014-06-26T10:19:26|hero4515
|77369.batch|batch|COMPLETED||1|1|00:01:02|00:00.005|00:00:00|00:00.005|100Mn|1564K|2014-06-26T10:18:24|2014-06-26T10:18:24|2014-06-26T10:19:26|hero4515
